# serializer version: 1
# name: test_asr_post_processing_pipeline[whisper-60]
  dict({
    'num_segments': 8,
    'segments': list([
      dict({
        'duration': 4.02,
        'end_time': 4.02,
        'start_time': 0.0,
        'text': 'The birch can use lid on the smooth planks.',
      }),
      dict({
        'duration': 2.0199999999999996,
        'end_time': 6.64,
        'start_time': 4.62,
        'text': 'Glue the sheet to the dark blue background.',
      }),
      dict({
        'duration': 2.62,
        'end_time': 10.5,
        'start_time': 7.88,
        'text': 'It is easy to tell the depth of a well.',
      }),
      dict({
        'duration': 3.119999999999999,
        'end_time': 14.04,
        'start_time': 10.92,
        'text': 'These days, the chicken leg is a rare dish.',
      }),
      dict({
        'duration': 5.82,
        'end_time': 20.16,
        'start_time': 14.34,
        'text': 'Rice is often served in round bowls. The juice of lemons makes fine punch.',
      }),
      dict({
        'duration': 4.959999999999997,
        'end_time': 25.4,
        'start_time': 20.44,
        'text': 'The box was thrown beside the pork chuck. The hogs were fed chopped corn and',
      }),
      dict({
        'duration': 4.940000000000001,
        'end_time': 31.96,
        'start_time': 27.02,
        'text': 'For hours of steady work faced us, a large size in stockings is hard to',
      }),
      dict({
        'duration': 5.479999999999997,
        'end_time': 37.44,
        'start_time': 31.96,
        'text': 'sell.',
      }),
    ]),
  })
# ---
