# serializer version: 1
# name: test_asr_post_processing_pipeline[parakeet-10]
  dict({
    'num_segments': 10,
    'segments': list([
      dict({
        'duration': 3.2,
        'end_time': 3.44,
        'start_time': 0.24,
        'text': 'The birch canoe slid on the smooth planks.',
      }),
      dict({
        'duration': 3.2,
        'end_time': 7.2,
        'start_time': 4.0,
        'text': 'Glue the sheet to the dark blue background.',
      }),
      dict({
        'duration': 2.3199999999999994,
        'end_time': 9.76,
        'start_time': 7.44,
        'text': 'It is easy to tell the depth of a well.',
      }),
      dict({
        'duration': 3.039999999999999,
        'end_time': 13.52,
        'start_time': 10.48,
        'text': 'These days a chicken leg is a rare dish.',
      }),
      dict({
        'duration': 2.799999999999999,
        'end_time': 16.72,
        'start_time': 13.92,
        'text': 'Rice is often served in round bowls.',
      }),
      dict({
        'duration': 2.8000000000000007,
        'end_time': 19.8,
        'start_time': 17.0,
        'text': 'The juice of lemons makes fine punch.',
      }),
      dict({
        'duration': 2.6400000000000006,
        'end_time': 22.88,
        'start_time': 20.24,
        'text': 'The box was thrown beside the parked truck.',
      }),
      dict({
        'duration': 2.8000000000000007,
        'end_time': 26.240000000000002,
        'start_time': 23.44,
        'text': 'The hogs were fed chopped corn and garbage.',
      }),
      dict({
        'duration': 2.4800000000000004,
        'end_time': 29.28,
        'start_time': 26.8,
        'text': 'Four hours of steady work faced us.',
      }),
      dict({
        'duration': 2.639999999999997,
        'end_time': 32.44,
        'start_time': 29.8,
        'text': 'A large size in stockings is hard to sell.',
      }),
    ]),
  })
# ---
