# serializer version: 1
# name: test_transcribe_apollo_11
  dict({
    'metadata': dict({
      'id': 'doc_id',
      'mediaFilePath': 'Apollo-11_Day-05-Highlights_700s.mp3',
    }),
    'rawAsrOutput': dict({
      'segments': list([
        dict({
          'chunkStart': 0.0,
          'end': 6.96,
          'start': 0.24,
          'text': 'uh uh depressed in the surface about uh one or two inches.',
          'words': list([
            dict({
              'end': 0.48,
              'start': 0.24,
              'word': 'uh',
            }),
            dict({
              'end': 1.92,
              'start': 1.6,
              'word': 'uh',
            }),
            dict({
              'end': 3.2,
              'start': 2.48,
              'word': 'depressed',
            }),
            dict({
              'end': 3.36,
              'start': 3.2,
              'word': 'in',
            }),
            dict({
              'end': 3.52,
              'start': 3.36,
              'word': 'the',
            }),
            dict({
              'end': 4.0,
              'start': 3.52,
              'word': 'surface',
            }),
            dict({
              'end': 4.48,
              'start': 4.24,
              'word': 'about',
            }),
            dict({
              'end': 4.96,
              'start': 4.64,
              'word': 'uh',
            }),
            dict({
              'end': 5.84,
              'start': 5.52,
              'word': 'one',
            }),
            dict({
              'end': 6.16,
              'start': 5.84,
              'word': 'or',
            }),
            dict({
              'end': 6.4,
              'start': 6.16,
              'word': 'two',
            }),
            dict({
              'end': 6.96,
              'start': 6.4,
              'word': 'inches.',
            }),
          ]),
        }),
        dict({
          'chunkStart': 0.0,
          'end': 14.88,
          'start': 7.12,
          'text': 'Uh although the surface appears to be uh very fine grained as you get close to it.',
          'words': list([
            dict({
              'end': 7.2,
              'start': 7.12,
              'word': 'Uh',
            }),
            dict({
              'end': 7.84,
              'start': 7.36,
              'word': 'although',
            }),
            dict({
              'end': 8.08,
              'start': 7.84,
              'word': 'the',
            }),
            dict({
              'end': 8.64,
              'start': 8.08,
              'word': 'surface',
            }),
            dict({
              'end': 9.2,
              'start': 8.64,
              'word': 'appears',
            }),
            dict({
              'end': 9.52,
              'start': 9.2,
              'word': 'to',
            }),
            dict({
              'end': 9.84,
              'start': 9.52,
              'word': 'be',
            }),
            dict({
              'end': 10.72,
              'start': 10.4,
              'word': 'uh',
            }),
            dict({
              'end': 12.0,
              'start': 11.68,
              'word': 'very',
            }),
            dict({
              'end': 13.28,
              'start': 12.88,
              'word': 'fine',
            }),
            dict({
              'end': 13.92,
              'start': 13.44,
              'word': 'grained',
            }),
            dict({
              'end': 14.08,
              'start': 13.92,
              'word': 'as',
            }),
            dict({
              'end': 14.16,
              'start': 14.08,
              'word': 'you',
            }),
            dict({
              'end': 14.32,
              'start': 14.16,
              'word': 'get',
            }),
            dict({
              'end': 14.64,
              'start': 14.32,
              'word': 'close',
            }),
            dict({
              'end': 14.72,
              'start': 14.64,
              'word': 'to',
            }),
            dict({
              'end': 14.88,
              'start': 14.72,
              'word': 'it.',
            }),
          ]),
        }),
        dict({
          'chunkStart': 0.0,
          'end': 16.8,
          'start': 14.96,
          'text': "It's almost like a powder.",
          'words': list([
            dict({
              'end': 15.36,
              'start': 14.96,
              'word': "It's",
            }),
            dict({
              'end': 15.76,
              'start': 15.36,
              'word': 'almost',
            }),
            dict({
              'end': 15.92,
              'start': 15.76,
              'word': 'like',
            }),
            dict({
              'end': 16.16,
              'start': 15.92,
              'word': 'a',
            }),
            dict({
              'end': 16.8,
              'start': 16.16,
              'word': 'powder.',
            }),
          ]),
        }),
        dict({
          'chunkStart': 0.0,
          'end': 20.16,
          'start': 17.44,
          'text': "Brown mass uh it's very fine.",
          'words': list([
            dict({
              'end': 17.76,
              'start': 17.44,
              'word': 'Brown',
            }),
            dict({
              'end': 18.4,
              'start': 18.08,
              'word': 'mass',
            }),
            dict({
              'end': 18.8,
              'start': 18.56,
              'word': 'uh',
            }),
            dict({
              'end': 19.28,
              'start': 18.96,
              'word': "it's",
            }),
            dict({
              'end': 19.6,
              'start': 19.28,
              'word': 'very',
            }),
            dict({
              'end': 20.16,
              'start': 19.6,
              'word': 'fine.',
            }),
          ]),
        }),
        dict({
          'chunkStart': 0.0,
          'end': 33.84,
          'start': 32.0,
          'text': "I'm gonna step off the lamb now.",
          'words': list([
            dict({
              'end': 32.16,
              'start': 32.0,
              'word': "I'm",
            }),
            dict({
              'end': 32.4,
              'start': 32.16,
              'word': 'gonna',
            }),
            dict({
              'end': 32.72,
              'start': 32.4,
              'word': 'step',
            }),
            dict({
              'end': 32.88,
              'start': 32.72,
              'word': 'off',
            }),
            dict({
              'end': 33.04,
              'start': 32.88,
              'word': 'the',
            }),
            dict({
              'end': 33.36,
              'start': 33.04,
              'word': 'lamb',
            }),
            dict({
              'end': 33.84,
              'start': 33.52,
              'word': 'now.',
            }),
          ]),
        }),
        dict({
          'chunkStart': 0.0,
          'end': 50.48,
          'start': 43.12,
          'text': "It's one small step per man giant leap per man.",
          'words': list([
            dict({
              'end': 43.68,
              'start': 43.12,
              'word': "It's",
            }),
            dict({
              'end': 43.92,
              'start': 43.68,
              'word': 'one',
            }),
            dict({
              'end': 44.4,
              'start': 43.92,
              'word': 'small',
            }),
            dict({
              'end': 44.8,
              'start': 44.4,
              'word': 'step',
            }),
            dict({
              'end': 45.28,
              'start': 44.96,
              'word': 'per',
            }),
            dict({
              'end': 45.6,
              'start': 45.28,
              'word': 'man',
            }),
            dict({
              'end': 49.68,
              'start': 49.2,
              'word': 'giant',
            }),
            dict({
              'end': 50.16,
              'start': 49.84,
              'word': 'leap',
            }),
            dict({
              'end': 50.32,
              'start': 50.16,
              'word': 'per',
            }),
            dict({
              'end': 50.48,
              'start': 50.32,
              'word': 'man.',
            }),
          ]),
        }),
        dict({
          'chunkStart': 0.0,
          'end': 57.92,
          'start': 57.2,
          'text': 'The uh',
          'words': list([
            dict({
              'end': 57.36,
              'start': 57.2,
              'word': 'The',
            }),
            dict({
              'end': 57.92,
              'start': 57.6,
              'word': 'uh',
            }),
          ]),
        }),
        dict({
          'chunkStart': 55.0,
          'end': 61.96,
          'start': 57.16,
          'text': 'The uh surface is fine and powdery.',
          'words': list([
            dict({
              'end': 57.48,
              'start': 57.16,
              'word': 'The',
            }),
            dict({
              'end': 57.8,
              'start': 57.56,
              'word': 'uh',
            }),
            dict({
              'end': 60.52,
              'start': 59.96,
              'word': 'surface',
            }),
            dict({
              'end': 60.68,
              'start': 60.52,
              'word': 'is',
            }),
            dict({
              'end': 60.92,
              'start': 60.68,
              'word': 'fine',
            }),
            dict({
              'end': 61.16,
              'start': 60.92,
              'word': 'and',
            }),
            dict({
              'end': 61.96,
              'start': 61.16,
              'word': 'powdery.',
            }),
          ]),
        }),
        dict({
          'chunkStart': 55.0,
          'end': 66.36,
          'start': 62.12,
          'text': 'I can I can pick it up loosely with my toe.',
          'words': list([
            dict({
              'end': 62.44,
              'start': 62.12,
              'word': 'I',
            }),
            dict({
              'end': 62.68,
              'start': 62.44,
              'word': 'can',
            }),
            dict({
              'end': 63.48,
              'start': 63.16,
              'word': 'I',
            }),
            dict({
              'end': 63.8,
              'start': 63.48,
              'word': 'can',
            }),
            dict({
              'end': 64.28,
              'start': 63.8,
              'word': 'pick',
            }),
            dict({
              'end': 64.44,
              'start': 64.28,
              'word': 'it',
            }),
            dict({
              'end': 64.68,
              'start': 64.44,
              'word': 'up',
            }),
            dict({
              'end': 65.16,
              'start': 64.68,
              'word': 'loosely',
            }),
            dict({
              'end': 65.4,
              'start': 65.16,
              'word': 'with',
            }),
            dict({
              'end': 65.72,
              'start': 65.4,
              'word': 'my',
            }),
            dict({
              'end': 66.36,
              'start': 65.72,
              'word': 'toe.',
            }),
          ]),
        }),
        dict({
          'chunkStart': 55.0,
          'end': 78.44,
          'start': 67.16,
          'text': 'It does adhere t in fine layers, uh like uh powdered charcoal to the uh to the spool and and sides of my boots.',
          'words': list([
            dict({
              'end': 67.48,
              'start': 67.16,
              'word': 'It',
            }),
            dict({
              'end': 68.12,
              'start': 67.48,
              'word': 'does',
            }),
            dict({
              'end': 69.0,
              'start': 68.36,
              'word': 'adhere',
            }),
            dict({
              'end': 69.16,
              'start': 69.0,
              'word': 't',
            }),
            dict({
              'end': 69.48,
              'start': 69.32,
              'word': 'in',
            }),
            dict({
              'end': 70.12,
              'start': 69.64,
              'word': 'fine',
            }),
            dict({
              'end': 70.76,
              'start': 70.12,
              'word': 'layers,',
            }),
            dict({
              'end': 71.32,
              'start': 71.0,
              'word': 'uh',
            }),
            dict({
              'end': 71.96,
              'start': 71.64,
              'word': 'like',
            }),
            dict({
              'end': 72.12,
              'start': 71.96,
              'word': 'uh',
            }),
            dict({
              'end': 72.84,
              'start': 72.28,
              'word': 'powdered',
            }),
            dict({
              'end': 73.64,
              'start': 72.84,
              'word': 'charcoal',
            }),
            dict({
              'end': 74.12,
              'start': 73.88,
              'word': 'to',
            }),
            dict({
              'end': 74.28,
              'start': 74.12,
              'word': 'the',
            }),
            dict({
              'end': 74.6,
              'start': 74.36,
              'word': 'uh',
            }),
            dict({
              'end': 75.56,
              'start': 75.24,
              'word': 'to',
            }),
            dict({
              'end': 75.88,
              'start': 75.56,
              'word': 'the',
            }),
            dict({
              'end': 76.52,
              'start': 75.88,
              'word': 'spool',
            }),
            dict({
              'end': 76.76,
              'start': 76.52,
              'word': 'and',
            }),
            dict({
              'end': 77.0,
              'start': 76.76,
              'word': 'and',
            }),
            dict({
              'end': 77.4,
              'start': 77.0,
              'word': 'sides',
            }),
            dict({
              'end': 77.48,
              'start': 77.4,
              'word': 'of',
            }),
            dict({
              'end': 77.8,
              'start': 77.48,
              'word': 'my',
            }),
            dict({
              'end': 78.44,
              'start': 77.8,
              'word': 'boots.',
            }),
          ]),
        }),
        dict({
          'chunkStart': 55.0,
          'end': 87.48,
          'start': 84.84,
          'text': 'Making sure not to lock it on my way up.',
          'words': list([
            dict({
              'end': 85.08,
              'start': 84.84,
              'word': 'Making',
            }),
            dict({
              'end': 85.56,
              'start': 85.32,
              'word': 'sure',
            }),
            dict({
              'end': 85.72,
              'start': 85.56,
              'word': 'not',
            }),
            dict({
              'end': 85.88,
              'start': 85.72,
              'word': 'to',
            }),
            dict({
              'end': 86.2,
              'start': 85.88,
              'word': 'lock',
            }),
            dict({
              'end': 86.36,
              'start': 86.2,
              'word': 'it',
            }),
            dict({
              'end': 86.52,
              'start': 86.36,
              'word': 'on',
            }),
            dict({
              'end': 86.84,
              'start': 86.52,
              'word': 'my',
            }),
            dict({
              'end': 87.16,
              'start': 86.84,
              'word': 'way',
            }),
            dict({
              'end': 87.48,
              'start': 87.16,
              'word': 'up.',
            }),
          ]),
        }),
        dict({
          'chunkStart': 55.0,
          'end': 95.0,
          'start': 93.08,
          'text': "That's our home for the next couple hours.",
          'words': list([
            dict({
              'end': 93.56,
              'start': 93.08,
              'word': "That's",
            }),
            dict({
              'end': 93.8,
              'start': 93.56,
              'word': 'our',
            }),
            dict({
              'end': 94.04,
              'start': 93.8,
              'word': 'home',
            }),
            dict({
              'end': 94.2,
              'start': 94.04,
              'word': 'for',
            }),
            dict({
              'end': 94.28,
              'start': 94.2,
              'word': 'the',
            }),
            dict({
              'end': 94.52,
              'start': 94.28,
              'word': 'next',
            }),
            dict({
              'end': 94.76,
              'start': 94.52,
              'word': 'couple',
            }),
            dict({
              'end': 95.0,
              'start': 94.84,
              'word': 'hours.',
            }),
          ]),
        }),
        dict({
          'chunkStart': 55.0,
          'end': 96.92,
          'start': 95.16,
          'text': 'We want to take good care of it.',
          'words': list([
            dict({
              'end': 95.32,
              'start': 95.16,
              'word': 'We',
            }),
            dict({
              'end': 95.48,
              'start': 95.32,
              'word': 'want',
            }),
            dict({
              'end': 95.56,
              'start': 95.48,
              'word': 'to',
            }),
            dict({
              'end': 95.8,
              'start': 95.56,
              'word': 'take',
            }),
            dict({
              'end': 96.04,
              'start': 95.8,
              'word': 'good',
            }),
            dict({
              'end': 96.28,
              'start': 96.04,
              'word': 'care',
            }),
            dict({
              'end': 96.6,
              'start': 96.28,
              'word': 'of',
            }),
            dict({
              'end': 96.92,
              'start': 96.6,
              'word': 'it.',
            }),
          ]),
        }),
        dict({
          'chunkStart': 55.0,
          'end': 105.64,
          'start': 99.88,
          'text': "Okay, I'm on the top step and I can look down over the RCU and s find the gear pad.",
          'words': list([
            dict({
              'end': 100.2,
              'start': 99.88,
              'word': 'Okay,',
            }),
            dict({
              'end': 100.6,
              'start': 100.36,
              'word': "I'm",
            }),
            dict({
              'end': 100.76,
              'start': 100.6,
              'word': 'on',
            }),
            dict({
              'end': 100.84,
              'start': 100.76,
              'word': 'the',
            }),
            dict({
              'end': 101.08,
              'start': 100.84,
              'word': 'top',
            }),
            dict({
              'end': 101.32,
              'start': 101.08,
              'word': 'step',
            }),
            dict({
              'end': 101.56,
              'start': 101.4,
              'word': 'and',
            }),
            dict({
              'end': 101.72,
              'start': 101.56,
              'word': 'I',
            }),
            dict({
              'end': 101.88,
              'start': 101.72,
              'word': 'can',
            }),
            dict({
              'end': 102.12,
              'start': 101.88,
              'word': 'look',
            }),
            dict({
              'end': 102.28,
              'start': 102.12,
              'word': 'down',
            }),
            dict({
              'end': 102.44,
              'start': 102.28,
              'word': 'over',
            }),
            dict({
              'end': 102.68,
              'start': 102.44,
              'word': 'the',
            }),
            dict({
              'end': 103.4,
              'start': 102.68,
              'word': 'RCU',
            }),
            dict({
              'end': 103.56,
              'start': 103.4,
              'word': 'and',
            }),
            dict({
              'end': 103.72,
              'start': 103.64,
              'word': 's',
            }),
            dict({
              'end': 104.92,
              'start': 104.6,
              'word': 'find',
            }),
            dict({
              'end': 105.16,
              'start': 105.0,
              'word': 'the',
            }),
            dict({
              'end': 105.48,
              'start': 105.16,
              'word': 'gear',
            }),
            dict({
              'end': 105.64,
              'start': 105.48,
              'word': 'pad.',
            }),
          ]),
        }),
        dict({
          'chunkStart': 55.0,
          'end': 113.48,
          'start': 109.48,
          'text': "That's a very simple matter to hop down from one step to the next.",
          'words': list([
            dict({
              'end': 109.88,
              'start': 109.48,
              'word': "That's",
            }),
            dict({
              'end': 110.12,
              'start': 109.88,
              'word': 'a',
            }),
            dict({
              'end': 110.28,
              'start': 110.12,
              'word': 'very',
            }),
            dict({
              'end': 110.6,
              'start': 110.28,
              'word': 'simple',
            }),
            dict({
              'end': 110.92,
              'start': 110.6,
              'word': 'matter',
            }),
            dict({
              'end': 111.16,
              'start': 110.92,
              'word': 'to',
            }),
            dict({
              'end': 111.56,
              'start': 111.16,
              'word': 'hop',
            }),
            dict({
              'end': 111.72,
              'start': 111.56,
              'word': 'down',
            }),
            dict({
              'end': 111.96,
              'start': 111.72,
              'word': 'from',
            }),
            dict({
              'end': 112.2,
              'start': 111.96,
              'word': 'one',
            }),
            dict({
              'end': 112.52,
              'start': 112.2,
              'word': 'step',
            }),
            dict({
              'end': 112.68,
              'start': 112.52,
              'word': 'to',
            }),
            dict({
              'end': 112.92,
              'start': 112.68,
              'word': 'the',
            }),
            dict({
              'end': 113.48,
              'start': 112.92,
              'word': 'next.',
            }),
          ]),
        }),
        dict({
          'chunkStart': 55.0,
          'end': 114.52,
          'start': 113.8,
          'text': "Yeah, it's not about",
          'words': list([
            dict({
              'end': 114.04,
              'start': 113.8,
              'word': 'Yeah,',
            }),
            dict({
              'end': 114.28,
              'start': 114.12,
              'word': "it's",
            }),
            dict({
              'end': 114.36,
              'start': 114.28,
              'word': 'not',
            }),
            dict({
              'end': 114.52,
              'start': 114.44,
              'word': 'about',
            }),
          ]),
        }),
        dict({
          'chunkStart': 110.0,
          'end': 113.52,
          'start': 110.24,
          'text': 'Very simple matter to hop down from one step to the next.',
          'words': list([
            dict({
              'end': 110.4,
              'start': 110.24,
              'word': 'Very',
            }),
            dict({
              'end': 110.72,
              'start': 110.4,
              'word': 'simple',
            }),
            dict({
              'end': 110.96,
              'start': 110.72,
              'word': 'matter',
            }),
            dict({
              'end': 111.2,
              'start': 110.96,
              'word': 'to',
            }),
            dict({
              'end': 111.52,
              'start': 111.2,
              'word': 'hop',
            }),
            dict({
              'end': 111.76,
              'start': 111.52,
              'word': 'down',
            }),
            dict({
              'end': 111.92,
              'start': 111.76,
              'word': 'from',
            }),
            dict({
              'end': 112.16,
              'start': 111.92,
              'word': 'one',
            }),
            dict({
              'end': 112.48,
              'start': 112.16,
              'word': 'step',
            }),
            dict({
              'end': 112.64,
              'start': 112.48,
              'word': 'to',
            }),
            dict({
              'end': 112.88,
              'start': 112.64,
              'word': 'the',
            }),
            dict({
              'end': 113.52,
              'start': 112.88,
              'word': 'next.',
            }),
          ]),
        }),
        dict({
          'chunkStart': 110.0,
          'end': 119.36,
          'start': 113.84,
          'text': "Yeah, that's be very comfortable and uh and walking is also very comfortable.",
          'words': list([
            dict({
              'end': 114.08,
              'start': 113.84,
              'word': 'Yeah,',
            }),
            dict({
              'end': 114.72,
              'start': 114.32,
              'word': "that's",
            }),
            dict({
              'end': 115.44,
              'start': 115.2,
              'word': 'be',
            }),
            dict({
              'end': 115.6,
              'start': 115.44,
              'word': 'very',
            }),
            dict({
              'end': 116.16,
              'start': 115.6,
              'word': 'comfortable',
            }),
            dict({
              'end': 116.4,
              'start': 116.24,
              'word': 'and',
            }),
            dict({
              'end': 116.72,
              'start': 116.48,
              'word': 'uh',
            }),
            dict({
              'end': 117.6,
              'start': 117.28,
              'word': 'and',
            }),
            dict({
              'end': 118.24,
              'start': 117.6,
              'word': 'walking',
            }),
            dict({
              'end': 118.4,
              'start': 118.24,
              'word': 'is',
            }),
            dict({
              'end': 118.64,
              'start': 118.4,
              'word': 'also',
            }),
            dict({
              'end': 118.88,
              'start': 118.64,
              'word': 'very',
            }),
            dict({
              'end': 119.36,
              'start': 118.88,
              'word': 'comfortable.',
            }),
          ]),
        }),
        dict({
          'chunkStart': 110.0,
          'end': 127.92,
          'start': 119.44,
          'text': "You're on you've got three more steps and then a long one.",
          'words': list([
            dict({
              'end': 125.12,
              'start': 119.44,
              'word': "You're",
            }),
            dict({
              'end': 125.36,
              'start': 125.12,
              'word': 'on',
            }),
            dict({
              'end': 125.76,
              'start': 125.44,
              'word': "you've",
            }),
            dict({
              'end': 125.92,
              'start': 125.76,
              'word': 'got',
            }),
            dict({
              'end': 126.16,
              'start': 125.92,
              'word': 'three',
            }),
            dict({
              'end': 126.4,
              'start': 126.16,
              'word': 'more',
            }),
            dict({
              'end': 126.72,
              'start': 126.4,
              'word': 'steps',
            }),
            dict({
              'end': 126.88,
              'start': 126.72,
              'word': 'and',
            }),
            dict({
              'end': 127.12,
              'start': 126.88,
              'word': 'then',
            }),
            dict({
              'end': 127.28,
              'start': 127.12,
              'word': 'a',
            }),
            dict({
              'end': 127.6,
              'start': 127.28,
              'word': 'long',
            }),
            dict({
              'end': 127.92,
              'start': 127.6,
              'word': 'one.',
            }),
          ]),
        }),
        dict({
          'chunkStart': 110.0,
          'end': 145.52,
          'start': 139.2,
          'text': "Okay, I'm gonna leave that one foot up there and uh both hands down about the fourth rung up.",
          'words': list([
            dict({
              'end': 139.36,
              'start': 139.2,
              'word': 'Okay,',
            }),
            dict({
              'end': 139.76,
              'start': 139.6,
              'word': "I'm",
            }),
            dict({
              'end': 139.92,
              'start': 139.76,
              'word': 'gonna',
            }),
            dict({
              'end': 140.16,
              'start': 140.0,
              'word': 'leave',
            }),
            dict({
              'end': 140.4,
              'start': 140.24,
              'word': 'that',
            }),
            dict({
              'end': 140.64,
              'start': 140.4,
              'word': 'one',
            }),
            dict({
              'end': 140.88,
              'start': 140.64,
              'word': 'foot',
            }),
            dict({
              'end': 141.04,
              'start': 140.88,
              'word': 'up',
            }),
            dict({
              'end': 141.2,
              'start': 141.04,
              'word': 'there',
            }),
            dict({
              'end': 141.44,
              'start': 141.28,
              'word': 'and',
            }),
            dict({
              'end': 141.76,
              'start': 141.52,
              'word': 'uh',
            }),
            dict({
              'end': 143.2,
              'start': 142.72,
              'word': 'both',
            }),
            dict({
              'end': 143.52,
              'start': 143.2,
              'word': 'hands',
            }),
            dict({
              'end': 143.76,
              'start': 143.52,
              'word': 'down',
            }),
            dict({
              'end': 144.16,
              'start': 143.92,
              'word': 'about',
            }),
            dict({
              'end': 144.32,
              'start': 144.16,
              'word': 'the',
            }),
            dict({
              'end': 144.72,
              'start': 144.32,
              'word': 'fourth',
            }),
            dict({
              'end': 145.04,
              'start': 144.72,
              'word': 'rung',
            }),
            dict({
              'end': 145.52,
              'start': 145.2,
              'word': 'up.',
            }),
          ]),
        }),
        dict({
          'chunkStart': 110.0,
          'end': 148.24,
          'start': 147.28,
          'text': 'There you go.',
          'words': list([
            dict({
              'end': 147.68,
              'start': 147.28,
              'word': 'There',
            }),
            dict({
              'end': 147.92,
              'start': 147.68,
              'word': 'you',
            }),
            dict({
              'end': 148.24,
              'start': 147.92,
              'word': 'go.',
            }),
          ]),
        }),
        dict({
          'chunkStart': 110.0,
          'end': 152.64,
          'start': 150.24,
          'text': "Okay now I think I'll do the same.",
          'words': list([
            dict({
              'end': 150.4,
              'start': 150.24,
              'word': 'Okay',
            }),
            dict({
              'end': 151.04,
              'start': 150.88,
              'word': 'now',
            }),
            dict({
              'end': 151.2,
              'start': 151.12,
              'word': 'I',
            }),
            dict({
              'end': 151.36,
              'start': 151.2,
              'word': 'think',
            }),
            dict({
              'end': 151.68,
              'start': 151.36,
              'word': "I'll",
            }),
            dict({
              'end': 151.84,
              'start': 151.68,
              'word': 'do',
            }),
            dict({
              'end': 152.0,
              'start': 151.84,
              'word': 'the',
            }),
            dict({
              'end': 152.64,
              'start': 152.0,
              'word': 'same.',
            }),
          ]),
        }),
        dict({
          'chunkStart': 110.0,
          'end': 162.48,
          'start': 161.28,
          'text': 'There you got it?',
          'words': list([
            dict({
              'end': 161.6,
              'start': 161.28,
              'word': 'There',
            }),
            dict({
              'end': 161.92,
              'start': 161.76,
              'word': 'you',
            }),
            dict({
              'end': 162.16,
              'start': 161.92,
              'word': 'got',
            }),
            dict({
              'end': 162.48,
              'start': 162.16,
              'word': 'it?',
            }),
          ]),
        }),
        dict({
          'chunkStart': 110.0,
          'end': 163.92,
          'start': 162.88,
          'text': "That's a good step.",
          'words': list([
            dict({
              'end': 163.28,
              'start': 162.88,
              'word': "That's",
            }),
            dict({
              'end': 163.44,
              'start': 163.28,
              'word': 'a',
            }),
            dict({
              'end': 163.68,
              'start': 163.44,
              'word': 'good',
            }),
            dict({
              'end': 163.92,
              'start': 163.68,
              'word': 'step.',
            }),
          ]),
        }),
        dict({
          'chunkStart': 110.0,
          'end': 164.72,
          'start': 164.08,
          'text': 'Yep.',
          'words': list([
            dict({
              'end': 164.72,
              'start': 164.08,
              'word': 'Yep.',
            }),
          ]),
        }),
        dict({
          'chunkStart': 165.0,
          'end': 166.76,
          'start': 165.16,
          'text': 'About a three-footer.',
          'words': list([
            dict({
              'end': 165.4,
              'start': 165.16,
              'word': 'About',
            }),
            dict({
              'end': 165.64,
              'start': 165.48,
              'word': 'a',
            }),
            dict({
              'end': 166.76,
              'start': 165.64,
              'word': 'three-footer.',
            }),
          ]),
        }),
        dict({
          'chunkStart': 165.0,
          'end': 174.12,
          'start': 173.0,
          'text': 'Beautiful view.',
          'words': list([
            dict({
              'end': 173.8,
              'start': 173.0,
              'word': 'Beautiful',
            }),
            dict({
              'end': 174.12,
              'start': 173.8,
              'word': 'view.',
            }),
          ]),
        }),
        dict({
          'chunkStart': 165.0,
          'end': 175.32,
          'start': 174.28,
          'text': 'Is that something?',
          'words': list([
            dict({
              'end': 174.36,
              'start': 174.28,
              'word': 'Is',
            }),
            dict({
              'end': 174.76,
              'start': 174.68,
              'word': 'that',
            }),
            dict({
              'end': 175.32,
              'start': 174.92,
              'word': 'something?',
            }),
          ]),
        }),
        dict({
          'chunkStart': 165.0,
          'end': 178.28,
          'start': 176.28,
          'text': 'Magnus and flight out here.',
          'words': list([
            dict({
              'end': 177.0,
              'start': 176.28,
              'word': 'Magnus',
            }),
            dict({
              'end': 177.24,
              'start': 177.16,
              'word': 'and',
            }),
            dict({
              'end': 177.72,
              'start': 177.32,
              'word': 'flight',
            }),
            dict({
              'end': 177.96,
              'start': 177.72,
              'word': 'out',
            }),
            dict({
              'end': 178.28,
              'start': 177.96,
              'word': 'here.',
            }),
          ]),
        }),
      ]),
      'version': 1,
    }),
    'segments': list([
      dict({
        'asrModel': 'nvidia/parakeet-tdt-0.6b-v3',
        'endTime': 0.48,
        'id': 'id_00000',
        'index': 0,
        'startTime': 0.24,
        'text': 'uh',
        'timestamp': '2025-01-01T00:00:00.000000+00:00',
        'verified': False,
        'words': list([
          dict({
            'endTime': 0.48,
            'startTime': 0.24,
            'text': 'uh',
          }),
        ]),
      }),
      dict({
        'asrModel': 'nvidia/parakeet-tdt-0.6b-v3',
        'endTime': 1.92,
        'id': 'id_00001',
        'index': 0,
        'startTime': 1.6,
        'text': 'uh',
        'timestamp': '2025-01-01T00:00:00.000000+00:00',
        'verified': False,
        'words': list([
          dict({
            'endTime': 1.92,
            'startTime': 1.6,
            'text': 'uh',
          }),
        ]),
      }),
      dict({
        'asrModel': 'nvidia/parakeet-tdt-0.6b-v3',
        'endTime': 4.96,
        'id': 'id_00002',
        'index': 0,
        'startTime': 2.48,
        'text': 'depressed in the surface about uh',
        'timestamp': '2025-01-01T00:00:00.000000+00:00',
        'verified': False,
        'words': list([
          dict({
            'endTime': 3.2,
            'startTime': 2.48,
            'text': 'depressed',
          }),
          dict({
            'endTime': 3.36,
            'startTime': 3.2,
            'text': 'in',
          }),
          dict({
            'endTime': 3.52,
            'startTime': 3.36,
            'text': 'the',
          }),
          dict({
            'endTime': 4.0,
            'startTime': 3.52,
            'text': 'surface',
          }),
          dict({
            'endTime': 4.48,
            'startTime': 4.24,
            'text': 'about',
          }),
          dict({
            'endTime': 4.96,
            'startTime': 4.64,
            'text': 'uh',
          }),
        ]),
      }),
      dict({
        'asrModel': 'nvidia/parakeet-tdt-0.6b-v3',
        'endTime': 6.96,
        'id': 'id_00003',
        'index': 0,
        'startTime': 5.52,
        'text': 'one or two inches.',
        'timestamp': '2025-01-01T00:00:00.000000+00:00',
        'verified': False,
        'words': list([
          dict({
            'endTime': 5.84,
            'startTime': 5.52,
            'text': 'one',
          }),
          dict({
            'endTime': 6.16,
            'startTime': 5.84,
            'text': 'or',
          }),
          dict({
            'endTime': 6.4,
            'startTime': 6.16,
            'text': 'two',
          }),
          dict({
            'endTime': 6.96,
            'startTime': 6.4,
            'text': 'inches.',
          }),
        ]),
      }),
      dict({
        'asrModel': 'nvidia/parakeet-tdt-0.6b-v3',
        'endTime': 9.84,
        'id': 'id_00004',
        'index': 0,
        'startTime': 7.12,
        'text': 'Uh although the surface appears to be',
        'timestamp': '2025-01-01T00:00:00.000000+00:00',
        'verified': False,
        'words': list([
          dict({
            'endTime': 7.2,
            'startTime': 7.12,
            'text': 'Uh',
          }),
          dict({
            'endTime': 7.84,
            'startTime': 7.36,
            'text': 'although',
          }),
          dict({
            'endTime': 8.08,
            'startTime': 7.84,
            'text': 'the',
          }),
          dict({
            'endTime': 8.64,
            'startTime': 8.08,
            'text': 'surface',
          }),
          dict({
            'endTime': 9.2,
            'startTime': 8.64,
            'text': 'appears',
          }),
          dict({
            'endTime': 9.52,
            'startTime': 9.2,
            'text': 'to',
          }),
          dict({
            'endTime': 9.84,
            'startTime': 9.52,
            'text': 'be',
          }),
        ]),
      }),
      dict({
        'asrModel': 'nvidia/parakeet-tdt-0.6b-v3',
        'endTime': 10.72,
        'id': 'id_00005',
        'index': 0,
        'startTime': 10.4,
        'text': 'uh',
        'timestamp': '2025-01-01T00:00:00.000000+00:00',
        'verified': False,
        'words': list([
          dict({
            'endTime': 10.72,
            'startTime': 10.4,
            'text': 'uh',
          }),
        ]),
      }),
      dict({
        'asrModel': 'nvidia/parakeet-tdt-0.6b-v3',
        'endTime': 12.0,
        'id': 'id_00006',
        'index': 0,
        'startTime': 11.68,
        'text': 'very',
        'timestamp': '2025-01-01T00:00:00.000000+00:00',
        'verified': False,
        'words': list([
          dict({
            'endTime': 12.0,
            'startTime': 11.68,
            'text': 'very',
          }),
        ]),
      }),
      dict({
        'asrModel': 'nvidia/parakeet-tdt-0.6b-v3',
        'endTime': 14.88,
        'id': 'id_00007',
        'index': 0,
        'startTime': 12.88,
        'text': 'fine grained as you get close to it.',
        'timestamp': '2025-01-01T00:00:00.000000+00:00',
        'verified': False,
        'words': list([
          dict({
            'endTime': 13.28,
            'startTime': 12.88,
            'text': 'fine',
          }),
          dict({
            'endTime': 13.92,
            'startTime': 13.44,
            'text': 'grained',
          }),
          dict({
            'endTime': 14.08,
            'startTime': 13.92,
            'text': 'as',
          }),
          dict({
            'endTime': 14.16,
            'startTime': 14.08,
            'text': 'you',
          }),
          dict({
            'endTime': 14.32,
            'startTime': 14.16,
            'text': 'get',
          }),
          dict({
            'endTime': 14.64,
            'startTime': 14.32,
            'text': 'close',
          }),
          dict({
            'endTime': 14.72,
            'startTime': 14.64,
            'text': 'to',
          }),
          dict({
            'endTime': 14.88,
            'startTime': 14.72,
            'text': 'it.',
          }),
        ]),
      }),
      dict({
        'asrModel': 'nvidia/parakeet-tdt-0.6b-v3',
        'endTime': 16.8,
        'id': 'id_00008',
        'index': 0,
        'startTime': 14.96,
        'text': "It's almost like a powder.",
        'timestamp': '2025-01-01T00:00:00.000000+00:00',
        'verified': False,
        'words': list([
          dict({
            'endTime': 15.36,
            'startTime': 14.96,
            'text': "It's",
          }),
          dict({
            'endTime': 15.76,
            'startTime': 15.36,
            'text': 'almost',
          }),
          dict({
            'endTime': 15.92,
            'startTime': 15.76,
            'text': 'like',
          }),
          dict({
            'endTime': 16.16,
            'startTime': 15.92,
            'text': 'a',
          }),
          dict({
            'endTime': 16.8,
            'startTime': 16.16,
            'text': 'powder.',
          }),
        ]),
      }),
      dict({
        'asrModel': 'nvidia/parakeet-tdt-0.6b-v3',
        'endTime': 20.16,
        'id': 'id_00009',
        'index': 0,
        'startTime': 17.44,
        'text': "Brown mass uh it's very fine.",
        'timestamp': '2025-01-01T00:00:00.000000+00:00',
        'verified': False,
        'words': list([
          dict({
            'endTime': 17.76,
            'startTime': 17.44,
            'text': 'Brown',
          }),
          dict({
            'endTime': 18.4,
            'startTime': 18.08,
            'text': 'mass',
          }),
          dict({
            'endTime': 18.8,
            'startTime': 18.56,
            'text': 'uh',
          }),
          dict({
            'endTime': 19.28,
            'startTime': 18.96,
            'text': "it's",
          }),
          dict({
            'endTime': 19.6,
            'startTime': 19.28,
            'text': 'very',
          }),
          dict({
            'endTime': 20.16,
            'startTime': 19.6,
            'text': 'fine.',
          }),
        ]),
      }),
      dict({
        'asrModel': 'nvidia/parakeet-tdt-0.6b-v3',
        'endTime': 33.84,
        'id': 'id_00010',
        'index': 0,
        'startTime': 32.0,
        'text': "I'm gonna step off the lamb now.",
        'timestamp': '2025-01-01T00:00:00.000000+00:00',
        'verified': False,
        'words': list([
          dict({
            'endTime': 32.16,
            'startTime': 32.0,
            'text': "I'm",
          }),
          dict({
            'endTime': 32.4,
            'startTime': 32.16,
            'text': 'gonna',
          }),
          dict({
            'endTime': 32.72,
            'startTime': 32.4,
            'text': 'step',
          }),
          dict({
            'endTime': 32.88,
            'startTime': 32.72,
            'text': 'off',
          }),
          dict({
            'endTime': 33.04,
            'startTime': 32.88,
            'text': 'the',
          }),
          dict({
            'endTime': 33.36,
            'startTime': 33.04,
            'text': 'lamb',
          }),
          dict({
            'endTime': 33.84,
            'startTime': 33.52,
            'text': 'now.',
          }),
        ]),
      }),
      dict({
        'asrModel': 'nvidia/parakeet-tdt-0.6b-v3',
        'endTime': 45.6,
        'id': 'id_00011',
        'index': 0,
        'startTime': 43.12,
        'text': "It's one small step per man",
        'timestamp': '2025-01-01T00:00:00.000000+00:00',
        'verified': False,
        'words': list([
          dict({
            'endTime': 43.68,
            'startTime': 43.12,
            'text': "It's",
          }),
          dict({
            'endTime': 43.92,
            'startTime': 43.68,
            'text': 'one',
          }),
          dict({
            'endTime': 44.4,
            'startTime': 43.92,
            'text': 'small',
          }),
          dict({
            'endTime': 44.8,
            'startTime': 44.4,
            'text': 'step',
          }),
          dict({
            'endTime': 45.28,
            'startTime': 44.96,
            'text': 'per',
          }),
          dict({
            'endTime': 45.6,
            'startTime': 45.28,
            'text': 'man',
          }),
        ]),
      }),
      dict({
        'asrModel': 'nvidia/parakeet-tdt-0.6b-v3',
        'endTime': 50.48,
        'id': 'id_00012',
        'index': 0,
        'startTime': 49.2,
        'text': 'giant leap per man.',
        'timestamp': '2025-01-01T00:00:00.000000+00:00',
        'verified': False,
        'words': list([
          dict({
            'endTime': 49.68,
            'startTime': 49.2,
            'text': 'giant',
          }),
          dict({
            'endTime': 50.16,
            'startTime': 49.84,
            'text': 'leap',
          }),
          dict({
            'endTime': 50.32,
            'startTime': 50.16,
            'text': 'per',
          }),
          dict({
            'endTime': 50.48,
            'startTime': 50.32,
            'text': 'man.',
          }),
        ]),
      }),
      dict({
        'asrModel': 'nvidia/parakeet-tdt-0.6b-v3',
        'endTime': 57.8,
        'id': 'id_00013',
        'index': 0,
        'startTime': 57.2,
        'text': 'The uh',
        'timestamp': '2025-01-01T00:00:00.000000+00:00',
        'verified': False,
        'words': list([
          dict({
            'endTime': 57.36,
            'startTime': 57.2,
            'text': 'The',
          }),
          dict({
            'endTime': 57.8,
            'startTime': 57.56,
            'text': 'uh',
          }),
        ]),
      }),
      dict({
        'asrModel': 'nvidia/parakeet-tdt-0.6b-v3',
        'endTime': 61.96,
        'id': 'id_00014',
        'index': 0,
        'startTime': 59.96,
        'text': 'surface is fine and powdery.',
        'timestamp': '2025-01-01T00:00:00.000000+00:00',
        'verified': False,
        'words': list([
          dict({
            'endTime': 60.52,
            'startTime': 59.96,
            'text': 'surface',
          }),
          dict({
            'endTime': 60.68,
            'startTime': 60.52,
            'text': 'is',
          }),
          dict({
            'endTime': 60.92,
            'startTime': 60.68,
            'text': 'fine',
          }),
          dict({
            'endTime': 61.16,
            'startTime': 60.92,
            'text': 'and',
          }),
          dict({
            'endTime': 61.96,
            'startTime': 61.16,
            'text': 'powdery.',
          }),
        ]),
      }),
      dict({
        'asrModel': 'nvidia/parakeet-tdt-0.6b-v3',
        'endTime': 66.36,
        'id': 'id_00015',
        'index': 0,
        'startTime': 62.12,
        'text': 'I can I can pick it up loosely with my toe.',
        'timestamp': '2025-01-01T00:00:00.000000+00:00',
        'verified': False,
        'words': list([
          dict({
            'endTime': 62.44,
            'startTime': 62.12,
            'text': 'I',
          }),
          dict({
            'endTime': 62.68,
            'startTime': 62.44,
            'text': 'can',
          }),
          dict({
            'endTime': 63.48,
            'startTime': 63.16,
            'text': 'I',
          }),
          dict({
            'endTime': 63.8,
            'startTime': 63.48,
            'text': 'can',
          }),
          dict({
            'endTime': 64.28,
            'startTime': 63.8,
            'text': 'pick',
          }),
          dict({
            'endTime': 64.44,
            'startTime': 64.28,
            'text': 'it',
          }),
          dict({
            'endTime': 64.68,
            'startTime': 64.44,
            'text': 'up',
          }),
          dict({
            'endTime': 65.16,
            'startTime': 64.68,
            'text': 'loosely',
          }),
          dict({
            'endTime': 65.4,
            'startTime': 65.16,
            'text': 'with',
          }),
          dict({
            'endTime': 65.72,
            'startTime': 65.4,
            'text': 'my',
          }),
          dict({
            'endTime': 66.36,
            'startTime': 65.72,
            'text': 'toe.',
          }),
        ]),
      }),
      dict({
        'asrModel': 'nvidia/parakeet-tdt-0.6b-v3',
        'endTime': 74.6,
        'id': 'id_00016',
        'index': 0,
        'startTime': 67.16,
        'text': 'It does adhere t in fine layers, uh like uh powdered charcoal to the uh',
        'timestamp': '2025-01-01T00:00:00.000000+00:00',
        'verified': False,
        'words': list([
          dict({
            'endTime': 67.48,
            'startTime': 67.16,
            'text': 'It',
          }),
          dict({
            'endTime': 68.12,
            'startTime': 67.48,
            'text': 'does',
          }),
          dict({
            'endTime': 69.0,
            'startTime': 68.36,
            'text': 'adhere',
          }),
          dict({
            'endTime': 69.16,
            'startTime': 69.0,
            'text': 't',
          }),
          dict({
            'endTime': 69.48,
            'startTime': 69.32,
            'text': 'in',
          }),
          dict({
            'endTime': 70.12,
            'startTime': 69.64,
            'text': 'fine',
          }),
          dict({
            'endTime': 70.76,
            'startTime': 70.12,
            'text': 'layers,',
          }),
          dict({
            'endTime': 71.32,
            'startTime': 71.0,
            'text': 'uh',
          }),
          dict({
            'endTime': 71.96,
            'startTime': 71.64,
            'text': 'like',
          }),
          dict({
            'endTime': 72.12,
            'startTime': 71.96,
            'text': 'uh',
          }),
          dict({
            'endTime': 72.84,
            'startTime': 72.28,
            'text': 'powdered',
          }),
          dict({
            'endTime': 73.64,
            'startTime': 72.84,
            'text': 'charcoal',
          }),
          dict({
            'endTime': 74.12,
            'startTime': 73.88,
            'text': 'to',
          }),
          dict({
            'endTime': 74.28,
            'startTime': 74.12,
            'text': 'the',
          }),
          dict({
            'endTime': 74.6,
            'startTime': 74.36,
            'text': 'uh',
          }),
        ]),
      }),
      dict({
        'asrModel': 'nvidia/parakeet-tdt-0.6b-v3',
        'endTime': 78.44,
        'id': 'id_00017',
        'index': 0,
        'startTime': 75.24,
        'text': 'to the spool and and sides of my boots.',
        'timestamp': '2025-01-01T00:00:00.000000+00:00',
        'verified': False,
        'words': list([
          dict({
            'endTime': 75.56,
            'startTime': 75.24,
            'text': 'to',
          }),
          dict({
            'endTime': 75.88,
            'startTime': 75.56,
            'text': 'the',
          }),
          dict({
            'endTime': 76.52,
            'startTime': 75.88,
            'text': 'spool',
          }),
          dict({
            'endTime': 76.76,
            'startTime': 76.52,
            'text': 'and',
          }),
          dict({
            'endTime': 77.0,
            'startTime': 76.76,
            'text': 'and',
          }),
          dict({
            'endTime': 77.4,
            'startTime': 77.0,
            'text': 'sides',
          }),
          dict({
            'endTime': 77.48,
            'startTime': 77.4,
            'text': 'of',
          }),
          dict({
            'endTime': 77.8,
            'startTime': 77.48,
            'text': 'my',
          }),
          dict({
            'endTime': 78.44,
            'startTime': 77.8,
            'text': 'boots.',
          }),
        ]),
      }),
      dict({
        'asrModel': 'nvidia/parakeet-tdt-0.6b-v3',
        'endTime': 87.48,
        'id': 'id_00018',
        'index': 0,
        'startTime': 84.84,
        'text': 'Making sure not to lock it on my way up.',
        'timestamp': '2025-01-01T00:00:00.000000+00:00',
        'verified': False,
        'words': list([
          dict({
            'endTime': 85.08,
            'startTime': 84.84,
            'text': 'Making',
          }),
          dict({
            'endTime': 85.56,
            'startTime': 85.32,
            'text': 'sure',
          }),
          dict({
            'endTime': 85.72,
            'startTime': 85.56,
            'text': 'not',
          }),
          dict({
            'endTime': 85.88,
            'startTime': 85.72,
            'text': 'to',
          }),
          dict({
            'endTime': 86.2,
            'startTime': 85.88,
            'text': 'lock',
          }),
          dict({
            'endTime': 86.36,
            'startTime': 86.2,
            'text': 'it',
          }),
          dict({
            'endTime': 86.52,
            'startTime': 86.36,
            'text': 'on',
          }),
          dict({
            'endTime': 86.84,
            'startTime': 86.52,
            'text': 'my',
          }),
          dict({
            'endTime': 87.16,
            'startTime': 86.84,
            'text': 'way',
          }),
          dict({
            'endTime': 87.48,
            'startTime': 87.16,
            'text': 'up.',
          }),
        ]),
      }),
      dict({
        'asrModel': 'nvidia/parakeet-tdt-0.6b-v3',
        'endTime': 95.0,
        'id': 'id_00019',
        'index': 0,
        'startTime': 93.08,
        'text': "That's our home for the next couple hours.",
        'timestamp': '2025-01-01T00:00:00.000000+00:00',
        'verified': False,
        'words': list([
          dict({
            'endTime': 93.56,
            'startTime': 93.08,
            'text': "That's",
          }),
          dict({
            'endTime': 93.8,
            'startTime': 93.56,
            'text': 'our',
          }),
          dict({
            'endTime': 94.04,
            'startTime': 93.8,
            'text': 'home',
          }),
          dict({
            'endTime': 94.2,
            'startTime': 94.04,
            'text': 'for',
          }),
          dict({
            'endTime': 94.28,
            'startTime': 94.2,
            'text': 'the',
          }),
          dict({
            'endTime': 94.52,
            'startTime': 94.28,
            'text': 'next',
          }),
          dict({
            'endTime': 94.76,
            'startTime': 94.52,
            'text': 'couple',
          }),
          dict({
            'endTime': 95.0,
            'startTime': 94.84,
            'text': 'hours.',
          }),
        ]),
      }),
      dict({
        'asrModel': 'nvidia/parakeet-tdt-0.6b-v3',
        'endTime': 96.92,
        'id': 'id_00020',
        'index': 0,
        'startTime': 95.16,
        'text': 'We want to take good care of it.',
        'timestamp': '2025-01-01T00:00:00.000000+00:00',
        'verified': False,
        'words': list([
          dict({
            'endTime': 95.32,
            'startTime': 95.16,
            'text': 'We',
          }),
          dict({
            'endTime': 95.48,
            'startTime': 95.32,
            'text': 'want',
          }),
          dict({
            'endTime': 95.56,
            'startTime': 95.48,
            'text': 'to',
          }),
          dict({
            'endTime': 95.8,
            'startTime': 95.56,
            'text': 'take',
          }),
          dict({
            'endTime': 96.04,
            'startTime': 95.8,
            'text': 'good',
          }),
          dict({
            'endTime': 96.28,
            'startTime': 96.04,
            'text': 'care',
          }),
          dict({
            'endTime': 96.6,
            'startTime': 96.28,
            'text': 'of',
          }),
          dict({
            'endTime': 96.92,
            'startTime': 96.6,
            'text': 'it.',
          }),
        ]),
      }),
      dict({
        'asrModel': 'nvidia/parakeet-tdt-0.6b-v3',
        'endTime': 103.72,
        'id': 'id_00021',
        'index': 0,
        'startTime': 99.88,
        'text': "Okay, I'm on the top step and I can look down over the RCU and s",
        'timestamp': '2025-01-01T00:00:00.000000+00:00',
        'verified': False,
        'words': list([
          dict({
            'endTime': 100.2,
            'startTime': 99.88,
            'text': 'Okay,',
          }),
          dict({
            'endTime': 100.6,
            'startTime': 100.36,
            'text': "I'm",
          }),
          dict({
            'endTime': 100.76,
            'startTime': 100.6,
            'text': 'on',
          }),
          dict({
            'endTime': 100.84,
            'startTime': 100.76,
            'text': 'the',
          }),
          dict({
            'endTime': 101.08,
            'startTime': 100.84,
            'text': 'top',
          }),
          dict({
            'endTime': 101.32,
            'startTime': 101.08,
            'text': 'step',
          }),
          dict({
            'endTime': 101.56,
            'startTime': 101.4,
            'text': 'and',
          }),
          dict({
            'endTime': 101.72,
            'startTime': 101.56,
            'text': 'I',
          }),
          dict({
            'endTime': 101.88,
            'startTime': 101.72,
            'text': 'can',
          }),
          dict({
            'endTime': 102.12,
            'startTime': 101.88,
            'text': 'look',
          }),
          dict({
            'endTime': 102.28,
            'startTime': 102.12,
            'text': 'down',
          }),
          dict({
            'endTime': 102.44,
            'startTime': 102.28,
            'text': 'over',
          }),
          dict({
            'endTime': 102.68,
            'startTime': 102.44,
            'text': 'the',
          }),
          dict({
            'endTime': 103.4,
            'startTime': 102.68,
            'text': 'RCU',
          }),
          dict({
            'endTime': 103.56,
            'startTime': 103.4,
            'text': 'and',
          }),
          dict({
            'endTime': 103.72,
            'startTime': 103.64,
            'text': 's',
          }),
        ]),
      }),
      dict({
        'asrModel': 'nvidia/parakeet-tdt-0.6b-v3',
        'endTime': 105.64,
        'id': 'id_00022',
        'index': 0,
        'startTime': 104.6,
        'text': 'find the gear pad.',
        'timestamp': '2025-01-01T00:00:00.000000+00:00',
        'verified': False,
        'words': list([
          dict({
            'endTime': 104.92,
            'startTime': 104.6,
            'text': 'find',
          }),
          dict({
            'endTime': 105.16,
            'startTime': 105.0,
            'text': 'the',
          }),
          dict({
            'endTime': 105.48,
            'startTime': 105.16,
            'text': 'gear',
          }),
          dict({
            'endTime': 105.64,
            'startTime': 105.48,
            'text': 'pad.',
          }),
        ]),
      }),
      dict({
        'asrModel': 'nvidia/parakeet-tdt-0.6b-v3',
        'endTime': 113.52,
        'id': 'id_00023',
        'index': 0,
        'startTime': 109.48,
        'text': "That's a very simple matter to hop down from one step the next.",
        'timestamp': '2025-01-01T00:00:00.000000+00:00',
        'verified': False,
        'words': list([
          dict({
            'endTime': 109.88,
            'startTime': 109.48,
            'text': "That's",
          }),
          dict({
            'endTime': 110.12,
            'startTime': 109.88,
            'text': 'a',
          }),
          dict({
            'endTime': 110.28,
            'startTime': 110.12,
            'text': 'very',
          }),
          dict({
            'endTime': 110.6,
            'startTime': 110.28,
            'text': 'simple',
          }),
          dict({
            'endTime': 110.92,
            'startTime': 110.6,
            'text': 'matter',
          }),
          dict({
            'endTime': 111.16,
            'startTime': 110.92,
            'text': 'to',
          }),
          dict({
            'endTime': 111.56,
            'startTime': 111.16,
            'text': 'hop',
          }),
          dict({
            'endTime': 111.72,
            'startTime': 111.56,
            'text': 'down',
          }),
          dict({
            'endTime': 111.96,
            'startTime': 111.72,
            'text': 'from',
          }),
          dict({
            'endTime': 112.2,
            'startTime': 111.96,
            'text': 'one',
          }),
          dict({
            'endTime': 112.52,
            'startTime': 112.2,
            'text': 'step',
          }),
          dict({
            'endTime': 112.88,
            'startTime': 112.64,
            'text': 'the',
          }),
          dict({
            'endTime': 113.52,
            'startTime': 112.88,
            'text': 'next.',
          }),
        ]),
      }),
      dict({
        'asrModel': 'nvidia/parakeet-tdt-0.6b-v3',
        'endTime': 116.72,
        'id': 'id_00024',
        'index': 0,
        'startTime': 113.84,
        'text': "Yeah, that's be very comfortable and uh",
        'timestamp': '2025-01-01T00:00:00.000000+00:00',
        'verified': False,
        'words': list([
          dict({
            'endTime': 114.08,
            'startTime': 113.84,
            'text': 'Yeah,',
          }),
          dict({
            'endTime': 114.72,
            'startTime': 114.32,
            'text': "that's",
          }),
          dict({
            'endTime': 115.44,
            'startTime': 115.2,
            'text': 'be',
          }),
          dict({
            'endTime': 115.6,
            'startTime': 115.44,
            'text': 'very',
          }),
          dict({
            'endTime': 116.16,
            'startTime': 115.6,
            'text': 'comfortable',
          }),
          dict({
            'endTime': 116.4,
            'startTime': 116.24,
            'text': 'and',
          }),
          dict({
            'endTime': 116.72,
            'startTime': 116.48,
            'text': 'uh',
          }),
        ]),
      }),
      dict({
        'asrModel': 'nvidia/parakeet-tdt-0.6b-v3',
        'endTime': 119.36,
        'id': 'id_00025',
        'index': 0,
        'startTime': 117.28,
        'text': 'and walking is also very comfortable.',
        'timestamp': '2025-01-01T00:00:00.000000+00:00',
        'verified': False,
        'words': list([
          dict({
            'endTime': 117.6,
            'startTime': 117.28,
            'text': 'and',
          }),
          dict({
            'endTime': 118.24,
            'startTime': 117.6,
            'text': 'walking',
          }),
          dict({
            'endTime': 118.4,
            'startTime': 118.24,
            'text': 'is',
          }),
          dict({
            'endTime': 118.64,
            'startTime': 118.4,
            'text': 'also',
          }),
          dict({
            'endTime': 118.88,
            'startTime': 118.64,
            'text': 'very',
          }),
          dict({
            'endTime': 119.36,
            'startTime': 118.88,
            'text': 'comfortable.',
          }),
        ]),
      }),
      dict({
        'asrModel': 'nvidia/parakeet-tdt-0.6b-v3',
        'endTime': 127.92,
        'id': 'id_00026',
        'index': 0,
        'startTime': 119.44,
        'text': "You're on you've got three more steps and then a long one.",
        'timestamp': '2025-01-01T00:00:00.000000+00:00',
        'verified': False,
        'words': list([
          dict({
            'endTime': 125.12,
            'startTime': 119.44,
            'text': "You're",
          }),
          dict({
            'endTime': 125.36,
            'startTime': 125.12,
            'text': 'on',
          }),
          dict({
            'endTime': 125.76,
            'startTime': 125.44,
            'text': "you've",
          }),
          dict({
            'endTime': 125.92,
            'startTime': 125.76,
            'text': 'got',
          }),
          dict({
            'endTime': 126.16,
            'startTime': 125.92,
            'text': 'three',
          }),
          dict({
            'endTime': 126.4,
            'startTime': 126.16,
            'text': 'more',
          }),
          dict({
            'endTime': 126.72,
            'startTime': 126.4,
            'text': 'steps',
          }),
          dict({
            'endTime': 126.88,
            'startTime': 126.72,
            'text': 'and',
          }),
          dict({
            'endTime': 127.12,
            'startTime': 126.88,
            'text': 'then',
          }),
          dict({
            'endTime': 127.28,
            'startTime': 127.12,
            'text': 'a',
          }),
          dict({
            'endTime': 127.6,
            'startTime': 127.28,
            'text': 'long',
          }),
          dict({
            'endTime': 127.92,
            'startTime': 127.6,
            'text': 'one.',
          }),
        ]),
      }),
      dict({
        'asrModel': 'nvidia/parakeet-tdt-0.6b-v3',
        'endTime': 141.76,
        'id': 'id_00027',
        'index': 0,
        'startTime': 139.2,
        'text': "Okay, I'm gonna leave that one foot up there and uh",
        'timestamp': '2025-01-01T00:00:00.000000+00:00',
        'verified': False,
        'words': list([
          dict({
            'endTime': 139.36,
            'startTime': 139.2,
            'text': 'Okay,',
          }),
          dict({
            'endTime': 139.76,
            'startTime': 139.6,
            'text': "I'm",
          }),
          dict({
            'endTime': 139.92,
            'startTime': 139.76,
            'text': 'gonna',
          }),
          dict({
            'endTime': 140.16,
            'startTime': 140.0,
            'text': 'leave',
          }),
          dict({
            'endTime': 140.4,
            'startTime': 140.24,
            'text': 'that',
          }),
          dict({
            'endTime': 140.64,
            'startTime': 140.4,
            'text': 'one',
          }),
          dict({
            'endTime': 140.88,
            'startTime': 140.64,
            'text': 'foot',
          }),
          dict({
            'endTime': 141.04,
            'startTime': 140.88,
            'text': 'up',
          }),
          dict({
            'endTime': 141.2,
            'startTime': 141.04,
            'text': 'there',
          }),
          dict({
            'endTime': 141.44,
            'startTime': 141.28,
            'text': 'and',
          }),
          dict({
            'endTime': 141.76,
            'startTime': 141.52,
            'text': 'uh',
          }),
        ]),
      }),
      dict({
        'asrModel': 'nvidia/parakeet-tdt-0.6b-v3',
        'endTime': 145.52,
        'id': 'id_00028',
        'index': 0,
        'startTime': 142.72,
        'text': 'both hands down about the fourth rung up.',
        'timestamp': '2025-01-01T00:00:00.000000+00:00',
        'verified': False,
        'words': list([
          dict({
            'endTime': 143.2,
            'startTime': 142.72,
            'text': 'both',
          }),
          dict({
            'endTime': 143.52,
            'startTime': 143.2,
            'text': 'hands',
          }),
          dict({
            'endTime': 143.76,
            'startTime': 143.52,
            'text': 'down',
          }),
          dict({
            'endTime': 144.16,
            'startTime': 143.92,
            'text': 'about',
          }),
          dict({
            'endTime': 144.32,
            'startTime': 144.16,
            'text': 'the',
          }),
          dict({
            'endTime': 144.72,
            'startTime': 144.32,
            'text': 'fourth',
          }),
          dict({
            'endTime': 145.04,
            'startTime': 144.72,
            'text': 'rung',
          }),
          dict({
            'endTime': 145.52,
            'startTime': 145.2,
            'text': 'up.',
          }),
        ]),
      }),
      dict({
        'asrModel': 'nvidia/parakeet-tdt-0.6b-v3',
        'endTime': 148.24,
        'id': 'id_00029',
        'index': 0,
        'startTime': 147.28,
        'text': 'There you go.',
        'timestamp': '2025-01-01T00:00:00.000000+00:00',
        'verified': False,
        'words': list([
          dict({
            'endTime': 147.68,
            'startTime': 147.28,
            'text': 'There',
          }),
          dict({
            'endTime': 147.92,
            'startTime': 147.68,
            'text': 'you',
          }),
          dict({
            'endTime': 148.24,
            'startTime': 147.92,
            'text': 'go.',
          }),
        ]),
      }),
      dict({
        'asrModel': 'nvidia/parakeet-tdt-0.6b-v3',
        'endTime': 152.64,
        'id': 'id_00030',
        'index': 0,
        'startTime': 150.24,
        'text': "Okay now I think I'll do the same.",
        'timestamp': '2025-01-01T00:00:00.000000+00:00',
        'verified': False,
        'words': list([
          dict({
            'endTime': 150.4,
            'startTime': 150.24,
            'text': 'Okay',
          }),
          dict({
            'endTime': 151.04,
            'startTime': 150.88,
            'text': 'now',
          }),
          dict({
            'endTime': 151.2,
            'startTime': 151.12,
            'text': 'I',
          }),
          dict({
            'endTime': 151.36,
            'startTime': 151.2,
            'text': 'think',
          }),
          dict({
            'endTime': 151.68,
            'startTime': 151.36,
            'text': "I'll",
          }),
          dict({
            'endTime': 151.84,
            'startTime': 151.68,
            'text': 'do',
          }),
          dict({
            'endTime': 152.0,
            'startTime': 151.84,
            'text': 'the',
          }),
          dict({
            'endTime': 152.64,
            'startTime': 152.0,
            'text': 'same.',
          }),
        ]),
      }),
      dict({
        'asrModel': 'nvidia/parakeet-tdt-0.6b-v3',
        'endTime': 162.48,
        'id': 'id_00031',
        'index': 0,
        'startTime': 161.28,
        'text': 'There you got it?',
        'timestamp': '2025-01-01T00:00:00.000000+00:00',
        'verified': False,
        'words': list([
          dict({
            'endTime': 161.6,
            'startTime': 161.28,
            'text': 'There',
          }),
          dict({
            'endTime': 161.92,
            'startTime': 161.76,
            'text': 'you',
          }),
          dict({
            'endTime': 162.16,
            'startTime': 161.92,
            'text': 'got',
          }),
          dict({
            'endTime': 162.48,
            'startTime': 162.16,
            'text': 'it?',
          }),
        ]),
      }),
      dict({
        'asrModel': 'nvidia/parakeet-tdt-0.6b-v3',
        'endTime': 163.92,
        'id': 'id_00032',
        'index': 0,
        'startTime': 162.88,
        'text': "That's a good step.",
        'timestamp': '2025-01-01T00:00:00.000000+00:00',
        'verified': False,
        'words': list([
          dict({
            'endTime': 163.28,
            'startTime': 162.88,
            'text': "That's",
          }),
          dict({
            'endTime': 163.44,
            'startTime': 163.28,
            'text': 'a',
          }),
          dict({
            'endTime': 163.68,
            'startTime': 163.44,
            'text': 'good',
          }),
          dict({
            'endTime': 163.92,
            'startTime': 163.68,
            'text': 'step.',
          }),
        ]),
      }),
      dict({
        'asrModel': 'nvidia/parakeet-tdt-0.6b-v3',
        'endTime': 164.72,
        'id': 'id_00033',
        'index': 0,
        'startTime': 164.08,
        'text': 'Yep.',
        'timestamp': '2025-01-01T00:00:00.000000+00:00',
        'verified': False,
        'words': list([
          dict({
            'endTime': 164.72,
            'startTime': 164.08,
            'text': 'Yep.',
          }),
        ]),
      }),
      dict({
        'asrModel': 'nvidia/parakeet-tdt-0.6b-v3',
        'endTime': 166.76,
        'id': 'id_00034',
        'index': 0,
        'startTime': 165.16,
        'text': 'About a three-footer.',
        'timestamp': '2025-01-01T00:00:00.000000+00:00',
        'verified': False,
        'words': list([
          dict({
            'endTime': 165.4,
            'startTime': 165.16,
            'text': 'About',
          }),
          dict({
            'endTime': 165.64,
            'startTime': 165.48,
            'text': 'a',
          }),
          dict({
            'endTime': 166.76,
            'startTime': 165.64,
            'text': 'three-footer.',
          }),
        ]),
      }),
      dict({
        'asrModel': 'nvidia/parakeet-tdt-0.6b-v3',
        'endTime': 174.12,
        'id': 'id_00035',
        'index': 0,
        'startTime': 173.0,
        'text': 'Beautiful view.',
        'timestamp': '2025-01-01T00:00:00.000000+00:00',
        'verified': False,
        'words': list([
          dict({
            'endTime': 173.8,
            'startTime': 173.0,
            'text': 'Beautiful',
          }),
          dict({
            'endTime': 174.12,
            'startTime': 173.8,
            'text': 'view.',
          }),
        ]),
      }),
      dict({
        'asrModel': 'nvidia/parakeet-tdt-0.6b-v3',
        'endTime': 175.32,
        'id': 'id_00036',
        'index': 0,
        'startTime': 174.28,
        'text': 'Is that something?',
        'timestamp': '2025-01-01T00:00:00.000000+00:00',
        'verified': False,
        'words': list([
          dict({
            'endTime': 174.36,
            'startTime': 174.28,
            'text': 'Is',
          }),
          dict({
            'endTime': 174.76,
            'startTime': 174.68,
            'text': 'that',
          }),
          dict({
            'endTime': 175.32,
            'startTime': 174.92,
            'text': 'something?',
          }),
        ]),
      }),
      dict({
        'asrModel': 'nvidia/parakeet-tdt-0.6b-v3',
        'endTime': 178.28,
        'id': 'id_00037',
        'index': 0,
        'startTime': 176.28,
        'text': 'Magnus and flight out here.',
        'timestamp': '2025-01-01T00:00:00.000000+00:00',
        'verified': False,
        'words': list([
          dict({
            'endTime': 177.0,
            'startTime': 176.28,
            'text': 'Magnus',
          }),
          dict({
            'endTime': 177.24,
            'startTime': 177.16,
            'text': 'and',
          }),
          dict({
            'endTime': 177.72,
            'startTime': 177.32,
            'text': 'flight',
          }),
          dict({
            'endTime': 177.96,
            'startTime': 177.72,
            'text': 'out',
          }),
          dict({
            'endTime': 178.28,
            'startTime': 177.96,
            'text': 'here.',
          }),
        ]),
      }),
    ]),
    'title': 'Apollo-11_Day-05-Highlights_700s',
  })
# ---
