# serializer version: 1
# name: test_embed_osr_audio
  list([
    dict({
      'embedding': list([
        127.06,
        -73.69,
        -51.03,
        -50.04,
        31.66,
        17.34,
        -46.87,
        65.17,
        -78.78,
        61.72,
      ]),
      'segment_id': '18a4869f-8cab-4bb5-ba5b-f55900d26076',
      'shape': 512,
    }),
    dict({
      'embedding': list([
        58.43,
        -11.56,
        -32.13,
        -38.82,
        118.51,
        11.66,
        -23.44,
        13.74,
        -26.3,
        30.67,
      ]),
      'segment_id': '84ec6681-574b-4570-aecb-5bcaea9415a9',
      'shape': 512,
    }),
    dict({
      'embedding': list([
        60.1,
        -36.15,
        -18.76,
        -52.97,
        14.9,
        -12.62,
        16.91,
        22.3,
        -83.28,
        41.1,
      ]),
      'segment_id': 'db8f6b03-f1a0-426b-80bd-6d39382e8417',
      'shape': 512,
    }),
    dict({
      'embedding': list([
        72.46,
        49.49,
        -48.41,
        -36.45,
        37.23,
        -11.65,
        -35.25,
        19.15,
        -91.1,
        40.55,
      ]),
      'segment_id': 'ead5dd22-5dd3-4d27-8cc8-c09df813a71c',
      'shape': 512,
    }),
  ])
# ---
