# serializer version: 1
# name: test_embed_osr_audio
  list([
    dict({
      'embedding': list([
        0,
        0,
        0,
        0,
        0,
        0,
        0,
        0,
        0,
        0,
      ]),
      'segment_id': '18a4869f-8cab-4bb5-ba5b-f55900d26076',
      'shape': 256,
    }),
    dict({
      'embedding': list([
        0,
        0,
        0,
        0,
        0,
        0,
        0,
        0,
        0,
        0,
      ]),
      'segment_id': '84ec6681-574b-4570-aecb-5bcaea9415a9',
      'shape': 256,
    }),
    dict({
      'embedding': list([
        0,
        0,
        0,
        0,
        0,
        0,
        0,
        0,
        0,
        0,
      ]),
      'segment_id': 'db8f6b03-f1a0-426b-80bd-6d39382e8417',
      'shape': 256,
    }),
    dict({
      'embedding': list([
        0,
        0,
        0,
        0,
        0,
        0,
        0,
        0,
        0,
        0,
      ]),
      'segment_id': 'ead5dd22-5dd3-4d27-8cc8-c09df813a71c',
      'shape': 256,
    }),
  ])
# ---
