# serializer version: 1
# name: test_transcribe_osr_audio[nvidia/parakeet-tdt-0.6b-v3]
  '''
  WEBVTT
  
  NOTE CAPTION_EDITOR:TranscriptMetadata {"id": "doc_id", "mediaFilePath": "/Users/thad/Imbue Dropbox/Thad Hughes/src/caption_editor/test_data/OSR_us_000_0010_8k.wav"}
  
  
  NOTE CAPTION_EDITOR:TranscriptSegment {"id": "id_00000", "startTime": 0.24, "endTime": 3.44, "text": "The birch canoe slid on the smooth planks.", "words": [{"text": "The", "startTime": 0.24, "endTime": 0.56}, {"text": "birch", "startTime": 0.56, "endTime": 1.12}, {"text": "canoe", "startTime": 1.12, "endTime": 1.6}, {"text": "slid", "startTime": 1.6, "endTime": 2.0}, {"text": "on", "startTime": 2.0, "endTime": 2.16}, {"text": "the", "startTime": 2.16, "endTime": 2.24}, {"text": "smooth", "startTime": 2.24, "endTime": 2.8000000000000003}, {"text": "planks.", "startTime": 2.8000000000000003, "endTime": 3.44}], "timestamp": "2025-01-01T00:00:00.000000+00:00"}
  
  id_00000
  00:00:00.240 --> 00:00:03.440
  The birch canoe slid on the smooth planks.
  
  
  NOTE CAPTION_EDITOR:TranscriptSegment {"id": "id_00001", "startTime": 4.0, "endTime": 7.2, "text": "Glue the sheet to the dark blue background.", "words": [{"text": "Glue", "startTime": 4.0, "endTime": 4.5600000000000005}, {"text": "the", "startTime": 4.5600000000000005, "endTime": 4.72}, {"text": "sheet", "startTime": 4.72, "endTime": 5.04}, {"text": "to", "startTime": 5.04, "endTime": 5.2}, {"text": "the", "startTime": 5.2, "endTime": 5.28}, {"text": "dark", "startTime": 5.28, "endTime": 5.6000000000000005}, {"text": "blue", "startTime": 5.6000000000000005, "endTime": 6.0}, {"text": "background.", "startTime": 6.0, "endTime": 7.2}], "timestamp": "2025-01-01T00:00:00.000000+00:00"}
  
  id_00001
  00:00:04.000 --> 00:00:07.200
  Glue the sheet to the dark blue background.
  
  
  NOTE CAPTION_EDITOR:TranscriptSegment {"id": "id_00002", "startTime": 7.44, "endTime": 9.76, "text": "It is easy to tell the depth of a well.", "words": [{"text": "It", "startTime": 7.44, "endTime": 7.76}, {"text": "is", "startTime": 7.76, "endTime": 7.92}, {"text": "easy", "startTime": 7.92, "endTime": 8.24}, {"text": "to", "startTime": 8.24, "endTime": 8.4}, {"text": "tell", "startTime": 8.4, "endTime": 8.64}, {"text": "the", "startTime": 8.64, "endTime": 8.72}, {"text": "depth", "startTime": 8.72, "endTime": 9.120000000000001}, {"text": "of", "startTime": 9.120000000000001, "endTime": 9.28}, {"text": "a", "startTime": 9.28, "endTime": 9.44}, {"text": "well.", "startTime": 9.44, "endTime": 9.76}], "timestamp": "2025-01-01T00:00:00.000000+00:00"}
  
  id_00002
  00:00:07.440 --> 00:00:09.760
  It is easy to tell the depth of a well.
  
  
  NOTE CAPTION_EDITOR:TranscriptSegment {"id": "id_00003", "startTime": 10.48, "endTime": 13.52, "text": "These days a chicken leg is a rare dish.", "words": [{"text": "These", "startTime": 10.48, "endTime": 10.88}, {"text": "days", "startTime": 10.88, "endTime": 11.28}, {"text": "a", "startTime": 11.28, "endTime": 11.36}, {"text": "chicken", "startTime": 11.36, "endTime": 11.84}, {"text": "leg", "startTime": 11.84, "endTime": 12.16}, {"text": "is", "startTime": 12.16, "endTime": 12.24}, {"text": "a", "startTime": 12.24, "endTime": 12.32}, {"text": "rare", "startTime": 12.32, "endTime": 12.879999999999999}, {"text": "dish.", "startTime": 12.879999999999999, "endTime": 13.52}], "timestamp": "2025-01-01T00:00:00.000000+00:00"}
  
  id_00003
  00:00:10.480 --> 00:00:13.520
  These days a chicken leg is a rare dish.
  
  
  NOTE CAPTION_EDITOR:TranscriptSegment {"id": "id_00004", "startTime": 14.0, "endTime": 16.72, "text": "Rice is often served in round bowls.", "words": [{"text": "Rice", "startTime": 14.0, "endTime": 14.48}, {"text": "is", "startTime": 14.48, "endTime": 14.64}, {"text": "often", "startTime": 14.64, "endTime": 14.96}, {"text": "served", "startTime": 14.96, "endTime": 15.280000000000001}, {"text": "in", "startTime": 15.280000000000001, "endTime": 15.52}, {"text": "round", "startTime": 15.52, "endTime": 15.92}, {"text": "bowls.", "startTime": 15.92, "endTime": 16.72}], "timestamp": "2025-01-01T00:00:00.000000+00:00"}
  
  id_00004
  00:00:14.000 --> 00:00:16.720
  Rice is often served in round bowls.
  
  
  NOTE CAPTION_EDITOR:TranscriptSegment {"id": "id_00005", "startTime": 17.0, "endTime": 19.8, "text": "The juice of lemons makes fine punch.", "words": [{"text": "The", "startTime": 17.0, "endTime": 17.32}, {"text": "juice", "startTime": 17.32, "endTime": 17.64}, {"text": "of", "startTime": 17.64, "endTime": 17.8}, {"text": "lemons", "startTime": 17.8, "endTime": 18.36}, {"text": "makes", "startTime": 18.36, "endTime": 18.68}, {"text": "fine", "startTime": 18.68, "endTime": 19.16}, {"text": "punch.", "startTime": 19.16, "endTime": 19.8}], "timestamp": "2025-01-01T00:00:00.000000+00:00"}
  
  id_00005
  00:00:17.000 --> 00:00:19.800
  The juice of lemons makes fine punch.
  
  
  NOTE CAPTION_EDITOR:TranscriptSegment {"id": "id_00006", "startTime": 20.24, "endTime": 22.88, "text": "The box was thrown beside the parked truck.", "words": [{"text": "The", "startTime": 20.24, "endTime": 20.48}, {"text": "box", "startTime": 20.48, "endTime": 20.8}, {"text": "was", "startTime": 20.8, "endTime": 20.96}, {"text": "thrown", "startTime": 20.96, "endTime": 21.36}, {"text": "beside", "startTime": 21.36, "endTime": 21.6}, {"text": "the", "startTime": 21.6, "endTime": 21.76}, {"text": "parked", "startTime": 21.76, "endTime": 22.16}, {"text": "truck.", "startTime": 22.32, "endTime": 22.88}], "timestamp": "2025-01-01T00:00:00.000000+00:00"}
  
  id_00006
  00:00:20.240 --> 00:00:22.880
  The box was thrown beside the parked truck.
  
  
  NOTE CAPTION_EDITOR:TranscriptSegment {"id": "id_00007", "startTime": 23.44, "endTime": 26.240000000000002, "text": "The hogs were fed chopped corn and garbage.", "words": [{"text": "The", "startTime": 23.44, "endTime": 23.68}, {"text": "hogs", "startTime": 23.68, "endTime": 24.08}, {"text": "were", "startTime": 24.08, "endTime": 24.240000000000002}, {"text": "fed", "startTime": 24.240000000000002, "endTime": 24.560000000000002}, {"text": "chopped", "startTime": 24.560000000000002, "endTime": 25.04}, {"text": "corn", "startTime": 25.04, "endTime": 25.28}, {"text": "and", "startTime": 25.28, "endTime": 25.44}, {"text": "garbage.", "startTime": 25.44, "endTime": 26.240000000000002}], "timestamp": "2025-01-01T00:00:00.000000+00:00"}
  
  id_00007
  00:00:23.440 --> 00:00:26.240
  The hogs were fed chopped corn and garbage.
  
  
  NOTE CAPTION_EDITOR:TranscriptSegment {"id": "id_00008", "startTime": 26.8, "endTime": 29.28, "text": "Four hours of steady work faced us.", "words": [{"text": "Four", "startTime": 26.8, "endTime": 27.2}, {"text": "hours", "startTime": 27.2, "endTime": 27.44}, {"text": "of", "startTime": 27.44, "endTime": 27.68}, {"text": "steady", "startTime": 27.68, "endTime": 28.08}, {"text": "work", "startTime": 28.08, "endTime": 28.4}, {"text": "faced", "startTime": 28.4, "endTime": 28.96}, {"text": "us.", "startTime": 28.96, "endTime": 29.28}], "timestamp": "2025-01-01T00:00:00.000000+00:00"}
  
  id_00008
  00:00:26.800 --> 00:00:29.280
  Four hours of steady work faced us.
  
  
  NOTE CAPTION_EDITOR:TranscriptSegment {"id": "id_00009", "startTime": 29.8, "endTime": 32.44, "text": "A large size in stockings is hard to sell.", "words": [{"text": "A", "startTime": 29.8, "endTime": 30.04}, {"text": "large", "startTime": 30.04, "endTime": 30.44}, {"text": "size", "startTime": 30.44, "endTime": 30.759999999999998}, {"text": "in", "startTime": 30.759999999999998, "endTime": 30.92}, {"text": "stockings", "startTime": 30.92, "endTime": 31.4}, {"text": "is", "startTime": 31.4, "endTime": 31.560000000000002}, {"text": "hard", "startTime": 31.560000000000002, "endTime": 31.8}, {"text": "to", "startTime": 31.8, "endTime": 32.12}, {"text": "sell.", "startTime": 32.12, "endTime": 32.44}], "timestamp": "2025-01-01T00:00:00.000000+00:00"}
  
  id_00009
  00:00:29.800 --> 00:00:32.440
  A large size in stockings is hard to sell.
  
  '''
# ---
# name: test_transcribe_osr_audio[openai/whisper-tiny]
  '''
  WEBVTT
  
  NOTE CAPTION_EDITOR:TranscriptMetadata {"id": "doc_id", "mediaFilePath": "/Users/thad/Imbue Dropbox/Thad Hughes/src/caption_editor/test_data/OSR_us_000_0010_8k.wav"}
  
  
  NOTE CAPTION_EDITOR:TranscriptSegment {"id": "id_00000", "startTime": 0.0, "endTime": 5.06, "text": "The  birch  can  use  lid  on  the  smooth  planks.  Glue  the  sheet", "words": [{"text": " The", "startTime": 0.0, "endTime": 0.68}, {"text": " birch", "startTime": 0.68, "endTime": 1.12}, {"text": " can", "startTime": 1.12, "endTime": 1.38}, {"text": " use", "startTime": 1.38, "endTime": 1.68}, {"text": " lid", "startTime": 1.68, "endTime": 1.96}, {"text": " on", "startTime": 1.96, "endTime": 2.24}, {"text": " the", "startTime": 2.24, "endTime": 2.38}, {"text": " smooth", "startTime": 2.38, "endTime": 2.7}, {"text": " planks.", "startTime": 2.7, "endTime": 4.62}, {"text": " Glue", "startTime": 4.62, "endTime": 4.62}, {"text": " the", "startTime": 4.62, "endTime": 4.9}, {"text": " sheet", "startTime": 4.9, "endTime": 5.06}], "timestamp": "2025-01-01T00:00:00.000000+00:00"}
  
  id_00000
  00:00:00.000 --> 00:00:05.060
  The  birch  can  use  lid  on  the  smooth  planks.  Glue  the  sheet
  
  
  NOTE CAPTION_EDITOR:TranscriptSegment {"id": "id_00001", "startTime": 5.44, "endTime": 5.82, "text": "dark  blue", "words": [{"text": " dark", "startTime": 5.44, "endTime": 5.62}, {"text": " blue", "startTime": 5.62, "endTime": 5.82}], "timestamp": "2025-01-01T00:00:00.000000+00:00"}
  
  id_00001
  00:00:05.440 --> 00:00:05.820
  dark  blue
  
  
  NOTE CAPTION_EDITOR:TranscriptSegment {"id": "id_00002", "startTime": 7.94, "endTime": 8.3, "text": "It  It  is  easy", "words": [{"text": " It", "startTime": 7.94, "endTime": 8.04}, {"text": " It", "startTime": 8.06, "endTime": 8.06}, {"text": " is", "startTime": 8.06, "endTime": 8.16}, {"text": " easy", "startTime": 8.16, "endTime": 8.3}], "timestamp": "2025-01-01T00:00:00.000000+00:00"}
  
  id_00002
  00:00:07.940 --> 00:00:08.300
  It  It  is  easy
  
  
  NOTE CAPTION_EDITOR:TranscriptSegment {"id": "id_00003", "startTime": 8.6, "endTime": 8.94, "text": "tell  the", "words": [{"text": " tell", "startTime": 8.6, "endTime": 8.72}, {"text": " the", "startTime": 8.72, "endTime": 8.94}], "timestamp": "2025-01-01T00:00:00.000000+00:00"}
  
  id_00003
  00:00:08.600 --> 00:00:08.940
  tell  the
  
  
  NOTE CAPTION_EDITOR:TranscriptSegment {"id": "id_00004", "startTime": 9.48, "endTime": 11.18, "text": "a  well.  These", "words": [{"text": " a", "startTime": 9.48, "endTime": 9.54}, {"text": " well.", "startTime": 9.54, "endTime": 10.98}, {"text": " These", "startTime": 10.98, "endTime": 11.18}], "timestamp": "2025-01-01T00:00:00.000000+00:00"}
  
  id_00004
  00:00:09.480 --> 00:00:11.180
  a  well.  These
  
  
  NOTE CAPTION_EDITOR:TranscriptSegment {"id": "id_00005", "startTime": 11.440000000000001, "endTime": 12.54, "text": "a  chicken  leg  is  a  rare", "words": [{"text": " a", "startTime": 11.440000000000001, "endTime": 11.620000000000001}, {"text": " chicken", "startTime": 11.620000000000001, "endTime": 11.82}, {"text": " leg", "startTime": 11.82, "endTime": 12.04}, {"text": " is", "startTime": 12.04, "endTime": 12.24}, {"text": " a", "startTime": 12.24, "endTime": 12.36}, {"text": " rare", "startTime": 12.36, "endTime": 12.54}], "timestamp": "2025-01-01T00:00:00.000000+00:00"}
  
  id_00005
  00:00:11.440 --> 00:00:12.540
  a  chicken  leg  is  a  rare
  
  
  NOTE CAPTION_EDITOR:TranscriptSegment {"id": "id_00006", "startTime": 14.379999999999999, "endTime": 15.86, "text": "Rice  is  often  served  in  round", "words": [{"text": " Rice", "startTime": 14.379999999999999, "endTime": 14.54}, {"text": " is", "startTime": 14.54, "endTime": 14.8}, {"text": " often", "startTime": 14.8, "endTime": 15.120000000000001}, {"text": " served", "startTime": 15.120000000000001, "endTime": 15.379999999999999}, {"text": " in", "startTime": 15.42, "endTime": 15.64}, {"text": " round", "startTime": 15.64, "endTime": 15.86}], "timestamp": "2025-01-01T00:00:00.000000+00:00"}
  
  id_00006
  00:00:14.380 --> 00:00:15.860
  Rice  is  often  served  in  round
  
  
  NOTE CAPTION_EDITOR:TranscriptSegment {"id": "id_00007", "startTime": 17.54, "endTime": 17.759999999999998, "text": "The  juice", "words": [{"text": " The", "startTime": 17.54, "endTime": 17.54}, {"text": " juice", "startTime": 17.56, "endTime": 17.759999999999998}], "timestamp": "2025-01-01T00:00:00.000000+00:00"}
  
  id_00007
  00:00:17.540 --> 00:00:17.760
  The  juice
  
  
  NOTE CAPTION_EDITOR:TranscriptSegment {"id": "id_00008", "startTime": 18.6, "endTime": 21.38, "text": "fine  punch.  The  box  was  thrown", "words": [{"text": " fine", "startTime": 18.6, "endTime": 19.0}, {"text": " punch.", "startTime": 19.0, "endTime": 20.6}, {"text": " The", "startTime": 20.6, "endTime": 20.64}, {"text": " box", "startTime": 20.64, "endTime": 20.9}, {"text": " was", "startTime": 20.92, "endTime": 21.14}, {"text": " thrown", "startTime": 21.16, "endTime": 21.38}], "timestamp": "2025-01-01T00:00:00.000000+00:00"}
  
  id_00008
  00:00:18.600 --> 00:00:21.380
  fine  punch.  The  box  was  thrown
  
  
  NOTE CAPTION_EDITOR:TranscriptSegment {"id": "id_00009", "startTime": 21.72, "endTime": 23.96, "text": "the  chuck.  The", "words": [{"text": " the", "startTime": 21.72, "endTime": 22.08}, {"text": " chuck.", "startTime": 22.18, "endTime": 23.82}, {"text": " The", "startTime": 23.86, "endTime": 23.96}], "timestamp": "2025-01-01T00:00:00.000000+00:00"}
  
  id_00009
  00:00:21.720 --> 00:00:23.960
  the  chuck.  The
  
  
  NOTE CAPTION_EDITOR:TranscriptSegment {"id": "id_00010", "startTime": 24.34, "endTime": 27.36, "text": "were  fed  chopped  corn  in  garbage.  Four", "words": [{"text": " were", "startTime": 24.34, "endTime": 24.439999999999998}, {"text": " fed", "startTime": 24.44, "endTime": 24.62}, {"text": " chopped", "startTime": 24.62, "endTime": 24.96}, {"text": " corn", "startTime": 24.96, "endTime": 25.240000000000002}, {"text": " in", "startTime": 25.26, "endTime": 25.4}, {"text": " garbage.", "startTime": 25.4, "endTime": 27.22}, {"text": " Four", "startTime": 27.240000000000002, "endTime": 27.36}], "timestamp": "2025-01-01T00:00:00.000000+00:00"}
  
  id_00010
  00:00:24.340 --> 00:00:27.360
  were  fed  chopped  corn  in  garbage.  Four
  
  
  NOTE CAPTION_EDITOR:TranscriptSegment {"id": "id_00011", "startTime": 27.7, "endTime": 28.32, "text": "of  steady  work", "words": [{"text": " of", "startTime": 27.7, "endTime": 27.88}, {"text": " steady", "startTime": 27.88, "endTime": 28.0}, {"text": " work", "startTime": 28.02, "endTime": 28.32}], "timestamp": "2025-01-01T00:00:00.000000+00:00"}
  
  id_00011
  00:00:27.700 --> 00:00:28.320
  of  steady  work
  
  
  NOTE CAPTION_EDITOR:TranscriptSegment {"id": "id_00012", "startTime": 28.62, "endTime": 32.0, "text": "us.  A  large  size  in  stockings  is  hard  to", "words": [{"text": " us.", "startTime": 28.62, "endTime": 30.240000000000002}, {"text": " A", "startTime": 30.240000000000002, "endTime": 30.32}, {"text": " large", "startTime": 30.32, "endTime": 30.52}, {"text": " size", "startTime": 30.52, "endTime": 30.78}, {"text": " in", "startTime": 30.78, "endTime": 31.0}, {"text": " stockings", "startTime": 31.0, "endTime": 31.36}, {"text": " is", "startTime": 31.36, "endTime": 31.54}, {"text": " hard", "startTime": 31.54, "endTime": 31.78}, {"text": " to", "startTime": 31.78, "endTime": 32.0}], "timestamp": "2025-01-01T00:00:00.000000+00:00"}
  
  id_00012
  00:00:28.620 --> 00:00:32.000
  us.  A  large  size  in  stockings  is  hard  to
  
  '''
# ---
