# serializer version: 1
# name: test_embed_osr_audio
  list([
    dict({
      'embedding': list([
        0.01,
        -0.21,
        0.03,
        -0.23,
        -0.17,
        0.03,
        0.14,
        0.24,
        -0.27,
        -0.07,
      ]),
      'segment_id': '1136cb88-cd0f-3e6a-2d1f-99afdda708e9',
      'shape': 256,
    }),
    dict({
      'embedding': list([
        0.06,
        -0.15,
        0.16,
        -0.02,
        0.06,
        0.01,
        0.22,
        -0.11,
        -0.12,
        -0.14,
      ]),
      'segment_id': '4de59515-406c-f713-8d2f-4b88a1cea8e2',
      'shape': 256,
    }),
    dict({
      'embedding': list([
        -0.05,
        -0.16,
        -0.0,
        -0.16,
        -0.1,
        -0.09,
        -0.12,
        0.21,
        -0.01,
        -0.06,
      ]),
      'segment_id': '503e711c-e03b-908b-630c-ba160ed8bfde',
      'shape': 256,
    }),
    dict({
      'embedding': list([
        -0.11,
        -0.14,
        -0.06,
        -0.18,
        -0.06,
        -0.13,
        0.1,
        0.21,
        -0.02,
        -0.11,
      ]),
      'segment_id': '5776aa8f-5d1e-f20e-b7db-08a878d4d0f9',
      'shape': 256,
    }),
    dict({
      'embedding': list([
        -0.1,
        -0.34,
        -0.04,
        -0.1,
        0.01,
        0.01,
        0.21,
        0.15,
        -0.02,
        0.06,
      ]),
      'segment_id': '91bbf2af-c7e7-c637-d6fc-c96fab1b6ffd',
      'shape': 256,
    }),
    dict({
      'embedding': list([
        -0.14,
        -0.25,
        -0.08,
        -0.2,
        0.15,
        -0.11,
        -0.09,
        0.16,
        0.2,
        0.17,
      ]),
      'segment_id': '9a39e34c-fc3d-8e0d-0991-464000c1114a',
      'shape': 256,
    }),
    dict({
      'embedding': list([
        -0.04,
        -0.18,
        0.18,
        -0.12,
        0.07,
        -0.01,
        0.05,
        0.03,
        -0.06,
        0.04,
      ]),
      'segment_id': '9b08ece0-e975-7acc-1a8d-f9e51f0a9a0d',
      'shape': 256,
    }),
    dict({
      'embedding': list([
        -0.25,
        -0.14,
        -0.08,
        -0.16,
        -0.16,
        0.1,
        -0.18,
        0.2,
        0.09,
        0.03,
      ]),
      'segment_id': 'aea0924b-a7b7-1ce8-5df9-93f2d349b91f',
      'shape': 256,
    }),
    dict({
      'embedding': list([
        -0.07,
        -0.16,
        -0.14,
        -0.04,
        0.01,
        -0.11,
        0.09,
        0.04,
        0.0,
        -0.15,
      ]),
      'segment_id': 'd76cb933-f20e-69d8-569f-9b4c3118001a',
      'shape': 256,
    }),
    dict({
      'embedding': list([
        0.01,
        -0.24,
        -0.02,
        -0.12,
        -0.15,
        0.05,
        0.02,
        0.16,
        -0.05,
        -0.06,
      ]),
      'segment_id': 'e793a9b0-545d-1c83-6110-31c6ad0f78fd',
      'shape': 256,
    }),
  ])
# ---
